2026-08-27T04:00:09.272+01:00  INFO 14800 --- [job.applicants] [restartedMain] com.example.job.applicants.Application   : Starting Application using Java 21.0.9 with PID 14800 (C:\Users\Hp\Desktop\job.applicants\target\classes started by Hp in C:\Users\Hp\Desktop\job.applicants)
2026-08-27T04:00:09.281+01:00  INFO 14800 --- [job.applicants] [restartedMain] com.example.job.applicants.Application   : No active profile set, falling back to 1 default profile: "default"
2026-08-27T04:00:09.390+01:00  INFO 14800 --- [job.applicants] [restartedMain] .e.DevToolsPropertyDefaultsPostProcessor : Devtools property defaults active! Set 'spring.devtools.add-properties' to 'false' to disable
2026-08-27T04:00:09.391+01:00  INFO 14800 --- [job.applicants] [restartedMain] .e.DevToolsPropertyDefaultsPostProcessor : For additional web related logging consider setting the 'logging.level.web' property to 'DEBUG'
2026-08-27T04:00:10.724+01:00  INFO 14800 --- [job.applicants] [restartedMain] .s.d.r.c.RepositoryConfigurationDelegate : Bootstrapping Spring Data JPA repositories in DEFAULT mode.
2026-08-27T04:00:10.813+01:00  INFO 14800 --- [job.applicants] [restartedMain] .s.d.r.c.RepositoryConfigurationDelegate : Finished Spring Data repository scanning in 75 ms. Found 3 JPA repository interfaces.
2026-08-27T04:00:11.595+01:00  INFO 14800 --- [job.applicants] [restartedMain] o.s.boot.tomcat.TomcatWebServer          : Tomcat initialized with port 8080 (http)
2026-08-27T04:00:11.623+01:00  INFO 14800 --- [job.applicants] [restartedMain] o.apache.catalina.core.StandardService   : Starting service [Tomcat]
2026-08-27T04:00:11.625+01:00  INFO 14800 --- [job.applicants] [restartedMain] o.apache.catalina.core.StandardEngine    : Starting Servlet engine: [Apache Tomcat/11.0.22]
2026-08-27T04:00:11.730+01:00  INFO 14800 --- [job.applicants] [restartedMain] b.w.c.s.WebApplicationContextInitializer : Root WebApplicationContext: initialization completed in 2338 ms
2026-08-27T04:00:11.788+01:00 ERROR 14800 --- [job.applicants] [restartedMain] t.s.DeferredServletContainerInitializers : Error starting Tomcat context. Exception: org.springframework.beans.factory.UnsatisfiedDependencyException. Message: Error creating bean with name 'jwtAuthenticationFilter' defined in file [C:\Users\Hp\Desktop\job.applicants\target\classes\com\example\job\applicants\jwt\JwtAuthenticationFilter.class]: Unsatisfied dependency expressed through constructor parameter 1: Error creating bean with name 'inMemoryUserDetailsManager' defined in class path resource [org/springframework/boot/security/autoconfigure/UserDetailsServiceAutoConfiguration.class]: Failed to instantiate [org.springframework.security.provisioning.InMemoryUserDetailsManager]: Factory method 'inMemoryUserDetailsManager' threw exception with message: Error creating bean with name 'securityConfig' defined in file [C:\Users\Hp\Desktop\job.applicants\target\classes\com\example\job\applicants\config\SecurityConfig.class]: Unsatisfied dependency expressed through constructor parameter 0: Error creating bean with name 'jwtAuthenticationFilter': Requested bean is currently in creation: Is there an unresolvable circular reference or an asynchronous initialization dependency?
2026-08-27T04:00:11.839+01:00  INFO 14800 --- [job.applicants] [restartedMain] o.apache.catalina.core.StandardService   : Stopping service [Tomcat]
2026-08-27T04:00:11.864+01:00  WARN 14800 --- [job.applicants] [restartedMain] ConfigServletWebServerApplicationContext : Exception encountered during context initialization - cancelling refresh attempt: org.springframework.context.ApplicationContextException: Unable to start web server
2026-08-27T04:00:11.878+01:00  INFO 14800 --- [job.applicants] [restartedMain] .s.b.a.l.ConditionEvaluationReportLogger : 

Error starting ApplicationContext. To display the condition evaluation report re-run your application with 'debug' enabled.
2026-08-27T04:00:11.915+01:00 ERROR 14800 --- [job.applicants] [restartedMain] o.s.b.d.LoggingFailureAnalysisReporter   : 

***************************
APPLICATION FAILED TO START
***************************

Description:

The dependencies of some of the beans in the application context form a cycle:

┌─────┐
|  jwtAuthenticationFilter defined in file [C:\Users\Hp\Desktop\job.applicants\target\classes\com\example\job\applicants\jwt\JwtAuthenticationFilter.class]
↑     ↓
|  inMemoryUserDetailsManager defined in class path resource [org/springframework/boot/security/autoconfigure/UserDetailsServiceAutoConfiguration.class]
↑     ↓
|  securityConfig defined in file [C:\Users\Hp\Desktop\job.applicants\target\classes\com\example\job\applicants\config\SecurityConfig.class]
└─────┘


Action:

Relying upon circular references is discouraged and they are prohibited by default. Update your application to remove the dependency cycle between beans. As a last resort, it may be possible to break the cycle automatically by setting spring.main.allow-circular-references to true.

2026-08-27T06:16:53.189+01:00  INFO 14140 --- [job.applicants] [restartedMain] com.example.job.applicants.Application   : Starting Application using Java 21.0.9 with PID 14140 (C:\Users\Hp\Desktop\job.applicants\target\classes started by Hp in C:\Users\Hp\Desktop\job.applicants)
2026-08-27T06:16:53.196+01:00  INFO 14140 --- [job.applicants] [restartedMain] com.example.job.applicants.Application   : No active profile set, falling back to 1 default profile: "default"
2026-08-27T06:16:53.386+01:00  INFO 14140 --- [job.applicants] [restartedMain] .e.DevToolsPropertyDefaultsPostProcessor : Devtools property defaults active! Set 'spring.devtools.add-properties' to 'false' to disable
2026-08-27T06:16:53.388+01:00  INFO 14140 --- [job.applicants] [restartedMain] .e.DevToolsPropertyDefaultsPostProcessor : For additional web related logging consider setting the 'logging.level.web' property to 'DEBUG'
2026-08-27T06:16:55.413+01:00  INFO 14140 --- [job.applicants] [restartedMain] .s.d.r.c.RepositoryConfigurationDelegate : Bootstrapping Spring Data JPA repositories in DEFAULT mode.
2026-08-27T06:16:55.597+01:00  INFO 14140 --- [job.applicants] [restartedMain] .s.d.r.c.RepositoryConfigurationDelegate : Finished Spring Data repository scanning in 151 ms. Found 3 JPA repository interfaces.
2026-08-27T06:16:57.028+01:00  INFO 14140 --- [job.applicants] [restartedMain] o.s.boot.tomcat.TomcatWebServer          : Tomcat initialized with port 8080 (http)
2026-08-27T06:16:57.076+01:00  INFO 14140 --- [job.applicants] [restartedMain] o.apache.catalina.core.StandardService   : Starting service [Tomcat]
2026-08-27T06:16:57.078+01:00  INFO 14140 --- [job.applicants] [restartedMain] o.apache.catalina.core.StandardEngine    : Starting Servlet engine: [Apache Tomcat/11.0.22]
2026-08-27T06:16:57.237+01:00  INFO 14140 --- [job.applicants] [restartedMain] b.w.c.s.WebApplicationContextInitializer : Root WebApplicationContext: initialization completed in 3840 ms
2026-08-27T06:16:57.538+01:00  INFO 14140 --- [job.applicants] [restartedMain] org.hibernate.orm.jpa                    : HHH008540: Processing PersistenceUnitInfo [name: default]
2026-08-27T06:16:57.708+01:00  INFO 14140 --- [job.applicants] [restartedMain] org.hibernate.orm.core                   : HHH000001: Hibernate ORM core version 7.2.19.Final
2026-08-27T06:16:59.042+01:00  INFO 14140 --- [job.applicants] [restartedMain] o.s.o.j.p.SpringPersistenceUnitInfo      : No LoadTimeWeaver setup: ignoring JPA class transformer
2026-08-27T06:16:59.138+01:00  INFO 14140 --- [job.applicants] [restartedMain] com.zaxxer.hikari.HikariDataSource       : HikariPool-1 - Starting...
2026-08-27T06:16:59.607+01:00  INFO 14140 --- [job.applicants] [restartedMain] com.zaxxer.hikari.pool.HikariPool        : HikariPool-1 - Added connection com.mysql.cj.jdbc.ConnectionImpl@33086352
2026-08-27T06:16:59.611+01:00  INFO 14140 --- [job.applicants] [restartedMain] com.zaxxer.hikari.HikariDataSource       : HikariPool-1 - Start completed.
2026-08-27T06:16:59.753+01:00  WARN 14140 --- [job.applicants] [restartedMain] org.hibernate.orm.core                   : HHH000511: The 5.5.5 version for [org.hibernate.dialect.MySQLDialect] is no longer supported, hence certain features may not work properly.The minimum supported version is 8.0.0. Check the community dialects project for available legacy versions.
2026-08-27T06:16:59.763+01:00  WARN 14140 --- [job.applicants] [restartedMain] org.hibernate.orm.deprecation            : HHH90000025: MySQLDialect does not need to be specified explicitly using 'hibernate.dialect' (remove the property setting and it will be selected by default)
2026-08-27T06:16:59.845+01:00  INFO 14140 --- [job.applicants] [restartedMain] org.hibernate.orm.connections.pooling    : HHH10001005: Database info:
	Database JDBC URL [jdbc:mysql://localhost:3306/jobapplicantsdb]
	Database driver: MySQL Connector/J
	Database dialect: MySQLDialect
	Database version: 5.5.5
	Default catalog/schema: jobapplicantsdb/undefined
	Autocommit mode: undefined/unknown
	Isolation level: REPEATABLE_READ [default REPEATABLE_READ]
	JDBC fetch size: none
	Pool: DataSourceConnectionProvider
	Minimum pool size: undefined/unknown
	Maximum pool size: undefined/unknown
2026-08-27T06:17:02.254+01:00  INFO 14140 --- [job.applicants] [restartedMain] org.hibernate.orm.core                   : HHH000489: No JTA platform available (set 'hibernate.transaction.jta.platform' to enable JTA platform integration)
2026-08-27T06:17:03.547+01:00  INFO 14140 --- [job.applicants] [restartedMain] j.LocalContainerEntityManagerFactoryBean : Initialized JPA EntityManagerFactory for persistence unit 'default'
2026-08-27T06:17:03.717+01:00  INFO 14140 --- [job.applicants] [restartedMain] o.s.d.j.r.query.QueryEnhancerFactories   : Hibernate is in classpath; If applicable, HQL parser will be used.
2026-08-27T06:17:04.312+01:00  WARN 14140 --- [job.applicants] [restartedMain] ConfigServletWebServerApplicationContext : Exception encountered during context initialization - cancelling refresh attempt: org.springframework.beans.factory.UnsatisfiedDependencyException: Error creating bean with name 'authController' defined in file [C:\Users\Hp\Desktop\job.applicants\target\classes\com\example\job\applicants\controller\AuthController.class]: Unsatisfied dependency expressed through constructor parameter 0: No qualifying bean of type 'org.springframework.security.authentication.AuthenticationManager' available: expected at least 1 bean which qualifies as autowire candidate. Dependency annotations: {}
2026-08-27T06:17:04.314+01:00  INFO 14140 --- [job.applicants] [restartedMain] j.LocalContainerEntityManagerFactoryBean : Closing JPA EntityManagerFactory for persistence unit 'default'
2026-08-27T06:17:04.323+01:00  INFO 14140 --- [job.applicants] [restartedMain] com.zaxxer.hikari.HikariDataSource       : HikariPool-1 - Shutdown initiated...
2026-08-27T06:17:04.343+01:00  INFO 14140 --- [job.applicants] [restartedMain] com.zaxxer.hikari.HikariDataSource       : HikariPool-1 - Shutdown completed.
2026-08-27T06:17:04.351+01:00  INFO 14140 --- [job.applicants] [restartedMain] o.apache.catalina.core.StandardService   : Stopping service [Tomcat]
2026-08-27T06:17:04.396+01:00  INFO 14140 --- [job.applicants] [restartedMain] .s.b.a.l.ConditionEvaluationReportLogger : 

Error starting ApplicationContext. To display the condition evaluation report re-run your application with 'debug' enabled.
2026-08-27T06:17:04.492+01:00 ERROR 14140 --- [job.applicants] [restartedMain] o.s.b.d.LoggingFailureAnalysisReporter   : 

***************************
APPLICATION FAILED TO START
***************************

Description:

Parameter 0 of constructor in com.example.job.applicants.controller.AuthController required a bean of type 'org.springframework.security.authentication.AuthenticationManager' that could not be found.


Action:

Consider defining a bean of type 'org.springframework.security.authentication.AuthenticationManager' in your configuration.

2026-08-27T06:55:52.095+01:00  INFO 1344 --- [job.applicants] [restartedMain] com.example.job.applicants.Application   : Starting Application using Java 21.0.9 with PID 1344 (C:\Users\Hp\Desktop\job.applicants\target\classes started by Hp in C:\Users\Hp\Desktop\job.applicants)
2026-08-27T06:55:52.101+01:00  INFO 1344 --- [job.applicants] [restartedMain] com.example.job.applicants.Application   : No active profile set, falling back to 1 default profile: "default"
2026-08-27T06:55:52.254+01:00  INFO 1344 --- [job.applicants] [restartedMain] .e.DevToolsPropertyDefaultsPostProcessor : Devtools property defaults active! Set 'spring.devtools.add-properties' to 'false' to disable
2026-08-27T06:55:52.254+01:00  INFO 1344 --- [job.applicants] [restartedMain] .e.DevToolsPropertyDefaultsPostProcessor : For additional web related logging consider setting the 'logging.level.web' property to 'DEBUG'
2026-08-27T06:55:54.064+01:00  INFO 1344 --- [job.applicants] [restartedMain] .s.d.r.c.RepositoryConfigurationDelegate : Bootstrapping Spring Data JPA repositories in DEFAULT mode.
2026-08-27T06:55:54.189+01:00  INFO 1344 --- [job.applicants] [restartedMain] .s.d.r.c.RepositoryConfigurationDelegate : Finished Spring Data repository scanning in 93 ms. Found 3 JPA repository interfaces.
2026-08-27T06:55:55.607+01:00  INFO 1344 --- [job.applicants] [restartedMain] o.s.boot.tomcat.TomcatWebServer          : Tomcat initialized with port 8080 (http)
2026-08-27T06:55:55.662+01:00  INFO 1344 --- [job.applicants] [restartedMain] o.apache.catalina.core.StandardService   : Starting service [Tomcat]
2026-08-27T06:55:55.663+01:00  INFO 1344 --- [job.applicants] [restartedMain] o.apache.catalina.core.StandardEngine    : Starting Servlet engine: [Apache Tomcat/11.0.22]
2026-08-27T06:55:55.793+01:00  INFO 1344 --- [job.applicants] [restartedMain] b.w.c.s.WebApplicationContextInitializer : Root WebApplicationContext: initialization completed in 3537 ms
2026-08-27T06:55:56.147+01:00  INFO 1344 --- [job.applicants] [restartedMain] org.hibernate.orm.jpa                    : HHH008540: Processing PersistenceUnitInfo [name: default]
2026-08-27T06:55:56.347+01:00  INFO 1344 --- [job.applicants] [restartedMain] org.hibernate.orm.core                   : HHH000001: Hibernate ORM core version 7.2.19.Final
2026-08-27T06:55:57.630+01:00  INFO 1344 --- [job.applicants] [restartedMain] o.s.o.j.p.SpringPersistenceUnitInfo      : No LoadTimeWeaver setup: ignoring JPA class transformer
2026-08-27T06:55:57.715+01:00  INFO 1344 --- [job.applicants] [restartedMain] com.zaxxer.hikari.HikariDataSource       : HikariPool-1 - Starting...
2026-08-27T06:55:58.124+01:00  INFO 1344 --- [job.applicants] [restartedMain] com.zaxxer.hikari.pool.HikariPool        : HikariPool-1 - Added connection com.mysql.cj.jdbc.ConnectionImpl@cedc585
2026-08-27T06:55:58.128+01:00  INFO 1344 --- [job.applicants] [restartedMain] com.zaxxer.hikari.HikariDataSource       : HikariPool-1 - Start completed.
2026-08-27T06:55:58.248+01:00  WARN 1344 --- [job.applicants] [restartedMain] org.hibernate.orm.core                   : HHH000511: The 5.5.5 version for [org.hibernate.dialect.MySQLDialect] is no longer supported, hence certain features may not work properly.The minimum supported version is 8.0.0. Check the community dialects project for available legacy versions.
2026-08-27T06:55:58.257+01:00  WARN 1344 --- [job.applicants] [restartedMain] org.hibernate.orm.deprecation            : HHH90000025: MySQLDialect does not need to be specified explicitly using 'hibernate.dialect' (remove the property setting and it will be selected by default)
2026-08-27T06:55:58.320+01:00  INFO 1344 --- [job.applicants] [restartedMain] org.hibernate.orm.connections.pooling    : HHH10001005: Database info:
	Database JDBC URL [jdbc:mysql://localhost:3306/jobapplicantsdb]
	Database driver: MySQL Connector/J
	Database dialect: MySQLDialect
	Database version: 5.5.5
	Default catalog/schema: jobapplicantsdb/undefined
	Autocommit mode: undefined/unknown
	Isolation level: REPEATABLE_READ [default REPEATABLE_READ]
	JDBC fetch size: none
	Pool: DataSourceConnectionProvider
	Minimum pool size: undefined/unknown
	Maximum pool size: undefined/unknown
2026-08-27T06:56:00.592+01:00  INFO 1344 --- [job.applicants] [restartedMain] org.hibernate.orm.core                   : HHH000489: No JTA platform available (set 'hibernate.transaction.jta.platform' to enable JTA platform integration)
2026-08-27T06:56:00.785+01:00  INFO 1344 --- [job.applicants] [restartedMain] j.LocalContainerEntityManagerFactoryBean : Initialized JPA EntityManagerFactory for persistence unit 'default'
2026-08-27T06:56:00.954+01:00  INFO 1344 --- [job.applicants] [restartedMain] o.s.d.j.r.query.QueryEnhancerFactories   : Hibernate is in classpath; If applicable, HQL parser will be used.
2026-08-27T06:56:01.658+01:00  INFO 1344 --- [job.applicants] [restartedMain] r$InitializeUserDetailsManagerConfigurer : Global AuthenticationManager configured with UserDetailsService bean with name customUserDetailsService
2026-08-27T06:56:01.956+01:00  WARN 1344 --- [job.applicants] [restartedMain] JpaBaseConfiguration$JpaWebConfiguration : spring.jpa.open-in-view is enabled by default. Therefore, database queries may be performed during view rendering. Explicitly configure spring.jpa.open-in-view to disable this warning
2026-08-27T06:56:04.110+01:00  INFO 1344 --- [job.applicants] [restartedMain] o.s.boot.tomcat.TomcatWebServer          : Tomcat started on port 8080 (http) with context path '/'
2026-08-27T06:56:04.138+01:00  INFO 1344 --- [job.applicants] [restartedMain] com.example.job.applicants.Application   : Started Application in 13.452 seconds (process running for 14.729)
2026-08-27T06:56:04.154+01:00  WARN 1344 --- [job.applicants] [restartedMain] o.s.core.events.SpringDocAppInitializer  : SpringDoc /v3/api-docs endpoint is enabled by default. To disable it in production, set the property 'springdoc.api-docs.enabled=false'
2026-08-27T06:56:04.156+01:00  WARN 1344 --- [job.applicants] [restartedMain] o.s.core.events.SpringDocAppInitializer  : SpringDoc /docs endpoint is enabled by default. To disable it in production, set the property 'springdoc.swagger-ui.enabled=false'
2026-08-27T07:08:20.734+01:00  INFO 1344 --- [job.applicants] [http-nio-8080-exec-1] o.a.c.c.C.[Tomcat].[localhost].[/]       : Initializing Spring DispatcherServlet 'dispatcherServlet'
2026-08-27T07:08:20.741+01:00  INFO 1344 --- [job.applicants] [http-nio-8080-exec-1] o.s.web.servlet.DispatcherServlet        : Initializing Servlet 'dispatcherServlet'
2026-08-27T07:08:20.758+01:00  INFO 1344 --- [job.applicants] [http-nio-8080-exec-1] o.s.web.servlet.DispatcherServlet        : Completed initialization in 4 ms
2026-08-27T07:10:01.899+01:00  INFO 1344 --- [job.applicants] [SpringApplicationShutdownHook] o.s.boot.tomcat.GracefulShutdown         : Commencing graceful shutdown. Waiting for active requests to complete
2026-08-27T07:10:01.956+01:00  INFO 1344 --- [job.applicants] [tomcat-shutdown] o.s.boot.tomcat.GracefulShutdown         : Graceful shutdown complete
2026-08-27T07:10:02.005+01:00  INFO 1344 --- [job.applicants] [SpringApplicationShutdownHook] j.LocalContainerEntityManagerFactoryBean : Closing JPA EntityManagerFactory for persistence unit 'default'
2026-08-27T07:10:02.021+01:00  INFO 1344 --- [job.applicants] [SpringApplicationShutdownHook] com.zaxxer.hikari.HikariDataSource       : HikariPool-1 - Shutdown initiated...
2026-08-27T07:10:02.066+01:00  INFO 1344 --- [job.applicants] [SpringApplicationShutdownHook] com.zaxxer.hikari.HikariDataSource       : HikariPool-1 - Shutdown completed.
2026-08-27T07:10:24.554+01:00  INFO 1368 --- [job.applicants] [restartedMain] com.example.job.applicants.Application   : Starting Application using Java 21.0.9 with PID 1368 (C:\Users\Hp\Desktop\job.applicants\target\classes started by Hp in C:\Users\Hp\Desktop\job.applicants)
2026-08-27T07:10:24.559+01:00  INFO 1368 --- [job.applicants] [restartedMain] com.example.job.applicants.Application   : No active profile set, falling back to 1 default profile: "default"
2026-08-27T07:10:24.666+01:00  INFO 1368 --- [job.applicants] [restartedMain] .e.DevToolsPropertyDefaultsPostProcessor : Devtools property defaults active! Set 'spring.devtools.add-properties' to 'false' to disable
2026-08-27T07:10:24.667+01:00  INFO 1368 --- [job.applicants] [restartedMain] .e.DevToolsPropertyDefaultsPostProcessor : For additional web related logging consider setting the 'logging.level.web' property to 'DEBUG'
2026-08-27T07:10:26.396+01:00  INFO 1368 --- [job.applicants] [restartedMain] .s.d.r.c.RepositoryConfigurationDelegate : Bootstrapping Spring Data JPA repositories in DEFAULT mode.
2026-08-27T07:10:26.573+01:00  INFO 1368 --- [job.applicants] [restartedMain] .s.d.r.c.RepositoryConfigurationDelegate : Finished Spring Data repository scanning in 138 ms. Found 3 JPA repository interfaces.
2026-08-27T07:10:28.065+01:00  INFO 1368 --- [job.applicants] [restartedMain] o.s.boot.tomcat.TomcatWebServer          : Tomcat initialized with port 8083 (http)
2026-08-27T07:10:28.123+01:00  INFO 1368 --- [job.applicants] [restartedMain] o.apache.catalina.core.StandardService   : Starting service [Tomcat]
2026-08-27T07:10:28.125+01:00  INFO 1368 --- [job.applicants] [restartedMain] o.apache.catalina.core.StandardEngine    : Starting Servlet engine: [Apache Tomcat/11.0.22]
2026-08-27T07:10:28.254+01:00  INFO 1368 --- [job.applicants] [restartedMain] b.w.c.s.WebApplicationContextInitializer : Root WebApplicationContext: initialization completed in 3586 ms
2026-08-27T07:10:28.578+01:00  INFO 1368 --- [job.applicants] [restartedMain] org.hibernate.orm.jpa                    : HHH008540: Processing PersistenceUnitInfo [name: default]
2026-08-27T07:10:28.763+01:00  INFO 1368 --- [job.applicants] [restartedMain] org.hibernate.orm.core                   : HHH000001: Hibernate ORM core version 7.2.19.Final
2026-08-27T07:10:30.092+01:00  INFO 1368 --- [job.applicants] [restartedMain] o.s.o.j.p.SpringPersistenceUnitInfo      : No LoadTimeWeaver setup: ignoring JPA class transformer
2026-08-27T07:10:30.189+01:00  INFO 1368 --- [job.applicants] [restartedMain] com.zaxxer.hikari.HikariDataSource       : HikariPool-1 - Starting...
2026-08-27T07:10:30.557+01:00  INFO 1368 --- [job.applicants] [restartedMain] com.zaxxer.hikari.pool.HikariPool        : HikariPool-1 - Added connection com.mysql.cj.jdbc.ConnectionImpl@cedc585
2026-08-27T07:10:30.560+01:00  INFO 1368 --- [job.applicants] [restartedMain] com.zaxxer.hikari.HikariDataSource       : HikariPool-1 - Start completed.
2026-08-27T07:10:30.661+01:00  WARN 1368 --- [job.applicants] [restartedMain] org.hibernate.orm.core                   : HHH000511: The 5.5.5 version for [org.hibernate.dialect.MySQLDialect] is no longer supported, hence certain features may not work properly.The minimum supported version is 8.0.0. Check the community dialects project for available legacy versions.
2026-08-27T07:10:30.674+01:00  WARN 1368 --- [job.applicants] [restartedMain] org.hibernate.orm.deprecation            : HHH90000025: MySQLDialect does not need to be specified explicitly using 'hibernate.dialect' (remove the property setting and it will be selected by default)
2026-08-27T07:10:30.743+01:00  INFO 1368 --- [job.applicants] [restartedMain] org.hibernate.orm.connections.pooling    : HHH10001005: Database info:
	Database JDBC URL [jdbc:mysql://localhost:3306/jobapplicantsdb]
	Database driver: MySQL Connector/J
	Database dialect: MySQLDialect
	Database version: 5.5.5
	Default catalog/schema: jobapplicantsdb/undefined
	Autocommit mode: undefined/unknown
	Isolation level: REPEATABLE_READ [default REPEATABLE_READ]
	JDBC fetch size: none
	Pool: DataSourceConnectionProvider
	Minimum pool size: undefined/unknown
	Maximum pool size: undefined/unknown
2026-08-27T07:10:33.245+01:00  INFO 1368 --- [job.applicants] [restartedMain] org.hibernate.orm.core                   : HHH000489: No JTA platform available (set 'hibernate.transaction.jta.platform' to enable JTA platform integration)
2026-08-27T07:10:33.423+01:00  INFO 1368 --- [job.applicants] [restartedMain] j.LocalContainerEntityManagerFactoryBean : Initialized JPA EntityManagerFactory for persistence unit 'default'
2026-08-27T07:10:33.545+01:00  INFO 1368 --- [job.applicants] [restartedMain] o.s.d.j.r.query.QueryEnhancerFactories   : Hibernate is in classpath; If applicable, HQL parser will be used.
2026-08-27T07:10:34.185+01:00  INFO 1368 --- [job.applicants] [restartedMain] r$InitializeUserDetailsManagerConfigurer : Global AuthenticationManager configured with UserDetailsService bean with name customUserDetailsService
2026-08-27T07:10:34.424+01:00  WARN 1368 --- [job.applicants] [restartedMain] JpaBaseConfiguration$JpaWebConfiguration : spring.jpa.open-in-view is enabled by default. Therefore, database queries may be performed during view rendering. Explicitly configure spring.jpa.open-in-view to disable this warning
2026-08-27T07:10:35.822+01:00  INFO 1368 --- [job.applicants] [restartedMain] o.s.boot.tomcat.TomcatWebServer          : Tomcat started on port 8083 (http) with context path '/'
2026-08-27T07:10:35.859+01:00  INFO 1368 --- [job.applicants] [restartedMain] com.example.job.applicants.Application   : Started Application in 12.553 seconds (process running for 13.572)
2026-08-27T07:10:35.868+01:00  WARN 1368 --- [job.applicants] [restartedMain] o.s.core.events.SpringDocAppInitializer  : SpringDoc /v3/api-docs endpoint is enabled by default. To disable it in production, set the property 'springdoc.api-docs.enabled=false'
2026-08-27T07:10:35.870+01:00  WARN 1368 --- [job.applicants] [restartedMain] o.s.core.events.SpringDocAppInitializer  : SpringDoc /docs endpoint is enabled by default. To disable it in production, set the property 'springdoc.swagger-ui.enabled=false'
2026-08-27T07:10:45.911+01:00  INFO 1368 --- [job.applicants] [http-nio-8083-exec-4] o.a.c.c.C.[Tomcat].[localhost].[/]       : Initializing Spring DispatcherServlet 'dispatcherServlet'
2026-08-27T07:10:45.923+01:00  INFO 1368 --- [job.applicants] [http-nio-8083-exec-4] o.s.web.servlet.DispatcherServlet        : Initializing Servlet 'dispatcherServlet'
2026-08-27T07:10:45.934+01:00  INFO 1368 --- [job.applicants] [http-nio-8083-exec-4] o.s.web.servlet.DispatcherServlet        : Completed initialization in 4 ms
2026-08-27T07:11:21.657+01:00  INFO 1368 --- [job.applicants] [SpringApplicationShutdownHook] o.s.boot.tomcat.GracefulShutdown         : Commencing graceful shutdown. Waiting for active requests to complete
2026-08-27T07:11:21.694+01:00  INFO 1368 --- [job.applicants] [tomcat-shutdown] o.s.boot.tomcat.GracefulShutdown         : Graceful shutdown complete
2026-08-27T07:11:21.775+01:00  INFO 1368 --- [job.applicants] [SpringApplicationShutdownHook] j.LocalContainerEntityManagerFactoryBean : Closing JPA EntityManagerFactory for persistence unit 'default'
2026-08-27T07:11:21.790+01:00  INFO 1368 --- [job.applicants] [SpringApplicationShutdownHook] com.zaxxer.hikari.HikariDataSource       : HikariPool-1 - Shutdown initiated...
2026-08-27T07:11:21.809+01:00  INFO 1368 --- [job.applicants] [SpringApplicationShutdownHook] com.zaxxer.hikari.HikariDataSource       : HikariPool-1 - Shutdown completed.
2026-08-27T07:11:45.528+01:00  INFO 920 --- [job.applicants] [restartedMain] com.example.job.applicants.Application   : Starting Application using Java 21.0.9 with PID 920 (C:\Users\Hp\Desktop\job.applicants\target\classes started by Hp in C:\Users\Hp\Desktop\job.applicants)
2026-08-27T07:11:45.534+01:00  INFO 920 --- [job.applicants] [restartedMain] com.example.job.applicants.Application   : No active profile set, falling back to 1 default profile: "default"
2026-08-27T07:11:45.637+01:00  INFO 920 --- [job.applicants] [restartedMain] .e.DevToolsPropertyDefaultsPostProcessor : Devtools property defaults active! Set 'spring.devtools.add-properties' to 'false' to disable
2026-08-27T07:11:45.638+01:00  INFO 920 --- [job.applicants] [restartedMain] .e.DevToolsPropertyDefaultsPostProcessor : For additional web related logging consider setting the 'logging.level.web' property to 'DEBUG'
2026-08-27T07:11:47.191+01:00  INFO 920 --- [job.applicants] [restartedMain] .s.d.r.c.RepositoryConfigurationDelegate : Bootstrapping Spring Data JPA repositories in DEFAULT mode.
2026-08-27T07:11:47.296+01:00  INFO 920 --- [job.applicants] [restartedMain] .s.d.r.c.RepositoryConfigurationDelegate : Finished Spring Data repository scanning in 88 ms. Found 3 JPA repository interfaces.
2026-08-27T07:11:48.478+01:00  INFO 920 --- [job.applicants] [restartedMain] o.s.boot.tomcat.TomcatWebServer          : Tomcat initialized with port 8080 (http)
2026-08-27T07:11:48.522+01:00  INFO 920 --- [job.applicants] [restartedMain] o.apache.catalina.core.StandardService   : Starting service [Tomcat]
2026-08-27T07:11:48.523+01:00  INFO 920 --- [job.applicants] [restartedMain] o.apache.catalina.core.StandardEngine    : Starting Servlet engine: [Apache Tomcat/11.0.22]
2026-08-27T07:11:48.743+01:00  INFO 920 --- [job.applicants] [restartedMain] b.w.c.s.WebApplicationContextInitializer : Root WebApplicationContext: initialization completed in 3104 ms
2026-08-27T07:11:49.112+01:00  INFO 920 --- [job.applicants] [restartedMain] org.hibernate.orm.jpa                    : HHH008540: Processing PersistenceUnitInfo [name: default]
2026-08-27T07:11:49.256+01:00  INFO 920 --- [job.applicants] [restartedMain] org.hibernate.orm.core                   : HHH000001: Hibernate ORM core version 7.2.19.Final
2026-08-27T07:11:50.363+01:00  INFO 920 --- [job.applicants] [restartedMain] o.s.o.j.p.SpringPersistenceUnitInfo      : No LoadTimeWeaver setup: ignoring JPA class transformer
2026-08-27T07:11:50.451+01:00  INFO 920 --- [job.applicants] [restartedMain] com.zaxxer.hikari.HikariDataSource       : HikariPool-1 - Starting...
2026-08-27T07:11:50.846+01:00  INFO 920 --- [job.applicants] [restartedMain] com.zaxxer.hikari.pool.HikariPool        : HikariPool-1 - Added connection com.mysql.cj.jdbc.ConnectionImpl@33086352
2026-08-27T07:11:50.850+01:00  INFO 920 --- [job.applicants] [restartedMain] com.zaxxer.hikari.HikariDataSource       : HikariPool-1 - Start completed.
2026-08-27T07:11:50.965+01:00  WARN 920 --- [job.applicants] [restartedMain] org.hibernate.orm.core                   : HHH000511: The 5.5.5 version for [org.hibernate.dialect.MySQLDialect] is no longer supported, hence certain features may not work properly.The minimum supported version is 8.0.0. Check the community dialects project for available legacy versions.
2026-08-27T07:11:50.973+01:00  WARN 920 --- [job.applicants] [restartedMain] org.hibernate.orm.deprecation            : HHH90000025: MySQLDialect does not need to be specified explicitly using 'hibernate.dialect' (remove the property setting and it will be selected by default)
2026-08-27T07:11:51.034+01:00  INFO 920 --- [job.applicants] [restartedMain] org.hibernate.orm.connections.pooling    : HHH10001005: Database info:
	Database JDBC URL [jdbc:mysql://localhost:3306/jobapplicantsdb]
	Database driver: MySQL Connector/J
	Database dialect: MySQLDialect
	Database version: 5.5.5
	Default catalog/schema: jobapplicantsdb/undefined
	Autocommit mode: undefined/unknown
	Isolation level: REPEATABLE_READ [default REPEATABLE_READ]
	JDBC fetch size: none
	Pool: DataSourceConnectionProvider
	Minimum pool size: undefined/unknown
	Maximum pool size: undefined/unknown
2026-08-27T07:11:52.893+01:00  INFO 920 --- [job.applicants] [restartedMain] org.hibernate.orm.core                   : HHH000489: No JTA platform available (set 'hibernate.transaction.jta.platform' to enable JTA platform integration)
2026-08-27T07:11:53.070+01:00  INFO 920 --- [job.applicants] [restartedMain] j.LocalContainerEntityManagerFactoryBean : Initialized JPA EntityManagerFactory for persistence unit 'default'
2026-08-27T07:11:53.213+01:00  INFO 920 --- [job.applicants] [restartedMain] o.s.d.j.r.query.QueryEnhancerFactories   : Hibernate is in classpath; If applicable, HQL parser will be used.
2026-08-27T07:11:53.777+01:00  INFO 920 --- [job.applicants] [restartedMain] r$InitializeUserDetailsManagerConfigurer : Global AuthenticationManager configured with UserDetailsService bean with name customUserDetailsService
2026-08-27T07:11:54.014+01:00  WARN 920 --- [job.applicants] [restartedMain] JpaBaseConfiguration$JpaWebConfiguration : spring.jpa.open-in-view is enabled by default. Therefore, database queries may be performed during view rendering. Explicitly configure spring.jpa.open-in-view to disable this warning
2026-08-27T07:11:55.508+01:00  INFO 920 --- [job.applicants] [restartedMain] o.s.boot.tomcat.TomcatWebServer          : Tomcat started on port 8080 (http) with context path '/'
2026-08-27T07:11:55.527+01:00  INFO 920 --- [job.applicants] [restartedMain] com.example.job.applicants.Application   : Started Application in 10.967 seconds (process running for 12.328)
2026-08-27T07:11:55.536+01:00  WARN 920 --- [job.applicants] [restartedMain] o.s.core.events.SpringDocAppInitializer  : SpringDoc /v3/api-docs endpoint is enabled by default. To disable it in production, set the property 'springdoc.api-docs.enabled=false'
2026-08-27T07:11:55.537+01:00  WARN 920 --- [job.applicants] [restartedMain] o.s.core.events.SpringDocAppInitializer  : SpringDoc /docs endpoint is enabled by default. To disable it in production, set the property 'springdoc.swagger-ui.enabled=false'
2026-08-27T07:30:16.359+01:00  INFO 7728 --- [job.applicants] [restartedMain] com.example.job.applicants.Application   : Starting Application using Java 21.0.9 with PID 7728 (C:\Users\Hp\Desktop\job.applicants\target\classes started by Hp in C:\Users\Hp\Desktop\job.applicants)
2026-08-27T07:30:16.371+01:00  INFO 7728 --- [job.applicants] [restartedMain] com.example.job.applicants.Application   : No active profile set, falling back to 1 default profile: "default"
2026-08-27T07:30:16.588+01:00  INFO 7728 --- [job.applicants] [restartedMain] .e.DevToolsPropertyDefaultsPostProcessor : Devtools property defaults active! Set 'spring.devtools.add-properties' to 'false' to disable
2026-08-27T07:30:16.591+01:00  INFO 7728 --- [job.applicants] [restartedMain] .e.DevToolsPropertyDefaultsPostProcessor : For additional web related logging consider setting the 'logging.level.web' property to 'DEBUG'
2026-08-27T07:30:19.134+01:00  INFO 7728 --- [job.applicants] [restartedMain] .s.d.r.c.RepositoryConfigurationDelegate : Bootstrapping Spring Data JPA repositories in DEFAULT mode.
2026-08-27T07:30:19.305+01:00  INFO 7728 --- [job.applicants] [restartedMain] .s.d.r.c.RepositoryConfigurationDelegate : Finished Spring Data repository scanning in 141 ms. Found 3 JPA repository interfaces.
2026-08-27T07:30:20.912+01:00  INFO 7728 --- [job.applicants] [restartedMain] o.s.boot.tomcat.TomcatWebServer          : Tomcat initialized with port 8080 (http)
2026-08-27T07:30:20.966+01:00  INFO 7728 --- [job.applicants] [restartedMain] o.apache.catalina.core.StandardService   : Starting service [Tomcat]
2026-08-27T07:30:20.967+01:00  INFO 7728 --- [job.applicants] [restartedMain] o.apache.catalina.core.StandardEngine    : Starting Servlet engine: [Apache Tomcat/11.0.22]
2026-08-27T07:30:21.164+01:00  INFO 7728 --- [job.applicants] [restartedMain] b.w.c.s.WebApplicationContextInitializer : Root WebApplicationContext: initialization completed in 4570 ms
2026-08-27T07:30:21.553+01:00  INFO 7728 --- [job.applicants] [restartedMain] org.hibernate.orm.jpa                    : HHH008540: Processing PersistenceUnitInfo [name: default]
2026-08-27T07:30:21.736+01:00  INFO 7728 --- [job.applicants] [restartedMain] org.hibernate.orm.core                   : HHH000001: Hibernate ORM core version 7.2.19.Final
2026-08-27T07:30:23.127+01:00  INFO 7728 --- [job.applicants] [restartedMain] o.s.o.j.p.SpringPersistenceUnitInfo      : No LoadTimeWeaver setup: ignoring JPA class transformer
2026-08-27T07:30:23.232+01:00  INFO 7728 --- [job.applicants] [restartedMain] com.zaxxer.hikari.HikariDataSource       : HikariPool-1 - Starting...
2026-08-27T07:30:23.714+01:00  INFO 7728 --- [job.applicants] [restartedMain] com.zaxxer.hikari.pool.HikariPool        : HikariPool-1 - Added connection com.mysql.cj.jdbc.ConnectionImpl@33086352
2026-08-27T07:30:23.719+01:00  INFO 7728 --- [job.applicants] [restartedMain] com.zaxxer.hikari.HikariDataSource       : HikariPool-1 - Start completed.
2026-08-27T07:30:23.875+01:00  WARN 7728 --- [job.applicants] [restartedMain] org.hibernate.orm.core                   : HHH000511: The 5.5.5 version for [org.hibernate.dialect.MySQLDialect] is no longer supported, hence certain features may not work properly.The minimum supported version is 8.0.0. Check the community dialects project for available legacy versions.
2026-08-27T07:30:23.887+01:00  WARN 7728 --- [job.applicants] [restartedMain] org.hibernate.orm.deprecation            : HHH90000025: MySQLDialect does not need to be specified explicitly using 'hibernate.dialect' (remove the property setting and it will be selected by default)
2026-08-27T07:30:23.961+01:00  INFO 7728 --- [job.applicants] [restartedMain] org.hibernate.orm.connections.pooling    : HHH10001005: Database info:
	Database JDBC URL [jdbc:mysql://localhost:3306/jobapplicantsdb]
	Database driver: MySQL Connector/J
	Database dialect: MySQLDialect
	Database version: 5.5.5
	Default catalog/schema: jobapplicantsdb/undefined
	Autocommit mode: undefined/unknown
	Isolation level: REPEATABLE_READ [default REPEATABLE_READ]
	JDBC fetch size: none
	Pool: DataSourceConnectionProvider
	Minimum pool size: undefined/unknown
	Maximum pool size: undefined/unknown
2026-08-27T07:30:26.683+01:00  INFO 7728 --- [job.applicants] [restartedMain] org.hibernate.orm.core                   : HHH000489: No JTA platform available (set 'hibernate.transaction.jta.platform' to enable JTA platform integration)
2026-08-27T07:30:26.897+01:00  INFO 7728 --- [job.applicants] [restartedMain] j.LocalContainerEntityManagerFactoryBean : Initialized JPA EntityManagerFactory for persistence unit 'default'
2026-08-27T07:30:27.105+01:00  INFO 7728 --- [job.applicants] [restartedMain] o.s.d.j.r.query.QueryEnhancerFactories   : Hibernate is in classpath; If applicable, HQL parser will be used.
2026-08-27T07:30:27.822+01:00  INFO 7728 --- [job.applicants] [restartedMain] r$InitializeUserDetailsManagerConfigurer : Global AuthenticationManager configured with UserDetailsService bean with name customUserDetailsService
2026-08-27T07:30:28.053+01:00  WARN 7728 --- [job.applicants] [restartedMain] JpaBaseConfiguration$JpaWebConfiguration : spring.jpa.open-in-view is enabled by default. Therefore, database queries may be performed during view rendering. Explicitly configure spring.jpa.open-in-view to disable this warning
2026-08-27T07:30:29.897+01:00  INFO 7728 --- [job.applicants] [restartedMain] o.s.boot.tomcat.TomcatWebServer          : Tomcat started on port 8080 (http) with context path '/'
2026-08-27T07:30:29.928+01:00  INFO 7728 --- [job.applicants] [restartedMain] com.example.job.applicants.Application   : Started Application in 14.942 seconds (process running for 16.187)
2026-08-27T07:30:29.938+01:00  WARN 7728 --- [job.applicants] [restartedMain] o.s.core.events.SpringDocAppInitializer  : SpringDoc /v3/api-docs endpoint is enabled by default. To disable it in production, set the property 'springdoc.api-docs.enabled=false'
2026-08-27T07:30:29.939+01:00  WARN 7728 --- [job.applicants] [restartedMain] o.s.core.events.SpringDocAppInitializer  : SpringDoc /docs endpoint is enabled by default. To disable it in production, set the property 'springdoc.swagger-ui.enabled=false'
2026-08-27T07:31:46.221+01:00  INFO 7728 --- [job.applicants] [SpringApplicationShutdownHook] o.s.boot.tomcat.GracefulShutdown         : Commencing graceful shutdown. Waiting for active requests to complete
2026-08-27T07:31:46.259+01:00  INFO 7728 --- [job.applicants] [tomcat-shutdown] o.s.boot.tomcat.GracefulShutdown         : Graceful shutdown complete
2026-08-27T07:31:46.283+01:00  INFO 7728 --- [job.applicants] [SpringApplicationShutdownHook] j.LocalContainerEntityManagerFactoryBean : Closing JPA EntityManagerFactory for persistence unit 'default'
2026-08-27T07:31:46.294+01:00  INFO 7728 --- [job.applicants] [SpringApplicationShutdownHook] com.zaxxer.hikari.HikariDataSource       : HikariPool-1 - Shutdown initiated...
2026-08-27T07:31:46.318+01:00  INFO 7728 --- [job.applicants] [SpringApplicationShutdownHook] com.zaxxer.hikari.HikariDataSource       : HikariPool-1 - Shutdown completed.
2026-08-27T07:32:09.820+01:00  INFO 7164 --- [job.applicants] [restartedMain] com.example.job.applicants.Application   : Starting Application using Java 21.0.9 with PID 7164 (C:\Users\Hp\Desktop\job.applicants\target\classes started by Hp in C:\Users\Hp\Desktop\job.applicants)
2026-08-27T07:32:09.831+01:00  INFO 7164 --- [job.applicants] [restartedMain] com.example.job.applicants.Application   : No active profile set, falling back to 1 default profile: "default"
2026-08-27T07:32:09.940+01:00  INFO 7164 --- [job.applicants] [restartedMain] .e.DevToolsPropertyDefaultsPostProcessor : Devtools property defaults active! Set 'spring.devtools.add-properties' to 'false' to disable
2026-08-27T07:32:09.941+01:00  INFO 7164 --- [job.applicants] [restartedMain] .e.DevToolsPropertyDefaultsPostProcessor : For additional web related logging consider setting the 'logging.level.web' property to 'DEBUG'
2026-08-27T07:32:11.510+01:00  INFO 7164 --- [job.applicants] [restartedMain] .s.d.r.c.RepositoryConfigurationDelegate : Bootstrapping Spring Data JPA repositories in DEFAULT mode.
2026-08-27T07:32:11.661+01:00  INFO 7164 --- [job.applicants] [restartedMain] .s.d.r.c.RepositoryConfigurationDelegate : Finished Spring Data repository scanning in 120 ms. Found 3 JPA repository interfaces.
2026-08-27T07:32:12.832+01:00  INFO 7164 --- [job.applicants] [restartedMain] o.s.boot.tomcat.TomcatWebServer          : Tomcat initialized with port 8080 (http)
2026-08-27T07:32:12.879+01:00  INFO 7164 --- [job.applicants] [restartedMain] o.apache.catalina.core.StandardService   : Starting service [Tomcat]
2026-08-27T07:32:12.882+01:00  INFO 7164 --- [job.applicants] [restartedMain] o.apache.catalina.core.StandardEngine    : Starting Servlet engine: [Apache Tomcat/11.0.22]
2026-08-27T07:32:13.015+01:00  INFO 7164 --- [job.applicants] [restartedMain] b.w.c.s.WebApplicationContextInitializer : Root WebApplicationContext: initialization completed in 3073 ms
2026-08-27T07:32:13.302+01:00  INFO 7164 --- [job.applicants] [restartedMain] org.hibernate.orm.jpa                    : HHH008540: Processing PersistenceUnitInfo [name: default]
2026-08-27T07:32:13.447+01:00  INFO 7164 --- [job.applicants] [restartedMain] org.hibernate.orm.core                   : HHH000001: Hibernate ORM core version 7.2.19.Final
2026-08-27T07:32:15.193+01:00  INFO 7164 --- [job.applicants] [restartedMain] o.s.o.j.p.SpringPersistenceUnitInfo      : No LoadTimeWeaver setup: ignoring JPA class transformer
2026-08-27T07:32:15.283+01:00  INFO 7164 --- [job.applicants] [restartedMain] com.zaxxer.hikari.HikariDataSource       : HikariPool-1 - Starting...
2026-08-27T07:32:15.747+01:00  INFO 7164 --- [job.applicants] [restartedMain] com.zaxxer.hikari.pool.HikariPool        : HikariPool-1 - Added connection com.mysql.cj.jdbc.ConnectionImpl@33086352
2026-08-27T07:32:15.757+01:00  INFO 7164 --- [job.applicants] [restartedMain] com.zaxxer.hikari.HikariDataSource       : HikariPool-1 - Start completed.
2026-08-27T07:32:15.945+01:00  WARN 7164 --- [job.applicants] [restartedMain] org.hibernate.orm.core                   : HHH000511: The 5.5.5 version for [org.hibernate.dialect.MySQLDialect] is no longer supported, hence certain features may not work properly.The minimum supported version is 8.0.0. Check the community dialects project for available legacy versions.
2026-08-27T07:32:15.953+01:00  WARN 7164 --- [job.applicants] [restartedMain] org.hibernate.orm.deprecation            : HHH90000025: MySQLDialect does not need to be specified explicitly using 'hibernate.dialect' (remove the property setting and it will be selected by default)
2026-08-27T07:32:16.027+01:00  INFO 7164 --- [job.applicants] [restartedMain] org.hibernate.orm.connections.pooling    : HHH10001005: Database info:
	Database JDBC URL [jdbc:mysql://localhost:3306/jobapplicantsdb]
	Database driver: MySQL Connector/J
	Database dialect: MySQLDialect
	Database version: 5.5.5
	Default catalog/schema: jobapplicantsdb/undefined
	Autocommit mode: undefined/unknown
	Isolation level: REPEATABLE_READ [default REPEATABLE_READ]
	JDBC fetch size: none
	Pool: DataSourceConnectionProvider
	Minimum pool size: undefined/unknown
	Maximum pool size: undefined/unknown
2026-08-27T07:32:18.983+01:00  INFO 7164 --- [job.applicants] [restartedMain] org.hibernate.orm.core                   : HHH000489: No JTA platform available (set 'hibernate.transaction.jta.platform' to enable JTA platform integration)
2026-08-27T07:32:19.185+01:00  INFO 7164 --- [job.applicants] [restartedMain] j.LocalContainerEntityManagerFactoryBean : Initialized JPA EntityManagerFactory for persistence unit 'default'
2026-08-27T07:32:19.354+01:00  INFO 7164 --- [job.applicants] [restartedMain] o.s.d.j.r.query.QueryEnhancerFactories   : Hibernate is in classpath; If applicable, HQL parser will be used.
2026-08-27T07:32:20.535+01:00  INFO 7164 --- [job.applicants] [restartedMain] r$InitializeUserDetailsManagerConfigurer : Global AuthenticationManager configured with UserDetailsService bean with name customUserDetailsService
2026-08-27T07:32:20.908+01:00  WARN 7164 --- [job.applicants] [restartedMain] JpaBaseConfiguration$JpaWebConfiguration : spring.jpa.open-in-view is enabled by default. Therefore, database queries may be performed during view rendering. Explicitly configure spring.jpa.open-in-view to disable this warning
2026-08-27T07:32:22.651+01:00  INFO 7164 --- [job.applicants] [restartedMain] o.s.boot.tomcat.TomcatWebServer          : Tomcat started on port 8080 (http) with context path '/'
2026-08-27T07:32:22.676+01:00  INFO 7164 --- [job.applicants] [restartedMain] com.example.job.applicants.Application   : Started Application in 13.786 seconds (process running for 14.701)
2026-08-27T07:32:22.690+01:00  WARN 7164 --- [job.applicants] [restartedMain] o.s.core.events.SpringDocAppInitializer  : SpringDoc /v3/api-docs endpoint is enabled by default. To disable it in production, set the property 'springdoc.api-docs.enabled=false'
2026-08-27T07:32:22.692+01:00  WARN 7164 --- [job.applicants] [restartedMain] o.s.core.events.SpringDocAppInitializer  : SpringDoc /docs endpoint is enabled by default. To disable it in production, set the property 'springdoc.swagger-ui.enabled=false'
2026-08-27T07:34:00.444+01:00  INFO 7164 --- [job.applicants] [http-nio-8080-exec-1] o.a.c.c.C.[Tomcat].[localhost].[/]       : Initializing Spring DispatcherServlet 'dispatcherServlet'
2026-08-27T07:34:00.445+01:00  INFO 7164 --- [job.applicants] [http-nio-8080-exec-1] o.s.web.servlet.DispatcherServlet        : Initializing Servlet 'dispatcherServlet'
2026-08-27T07:34:00.451+01:00  INFO 7164 --- [job.applicants] [http-nio-8080-exec-1] o.s.web.servlet.DispatcherServlet        : Completed initialization in 3 ms
2026-08-27T07:40:09.606+01:00  INFO 7164 --- [job.applicants] [SpringApplicationShutdownHook] o.s.boot.tomcat.GracefulShutdown         : Commencing graceful shutdown. Waiting for active requests to complete
2026-08-27T07:40:09.626+01:00  INFO 7164 --- [job.applicants] [tomcat-shutdown] o.s.boot.tomcat.GracefulShutdown         : Graceful shutdown complete
2026-08-27T07:40:09.647+01:00  INFO 7164 --- [job.applicants] [SpringApplicationShutdownHook] j.LocalContainerEntityManagerFactoryBean : Closing JPA EntityManagerFactory for persistence unit 'default'
2026-08-27T07:40:09.722+01:00  INFO 7164 --- [job.applicants] [SpringApplicationShutdownHook] com.zaxxer.hikari.HikariDataSource       : HikariPool-1 - Shutdown initiated...
2026-08-27T07:40:09.743+01:00  INFO 7164 --- [job.applicants] [SpringApplicationShutdownHook] com.zaxxer.hikari.HikariDataSource       : HikariPool-1 - Shutdown completed.
2026-08-27T07:40:36.080+01:00  INFO 23396 --- [job.applicants] [restartedMain] com.example.job.applicants.Application   : Starting Application using Java 21.0.9 with PID 23396 (C:\Users\Hp\Desktop\job.applicants\target\classes started by Hp in C:\Users\Hp\Desktop\job.applicants)
2026-08-27T07:40:36.086+01:00  INFO 23396 --- [job.applicants] [restartedMain] com.example.job.applicants.Application   : No active profile set, falling back to 1 default profile: "default"
2026-08-27T07:40:36.190+01:00  INFO 23396 --- [job.applicants] [restartedMain] .e.DevToolsPropertyDefaultsPostProcessor : Devtools property defaults active! Set 'spring.devtools.add-properties' to 'false' to disable
2026-08-27T07:40:36.190+01:00  INFO 23396 --- [job.applicants] [restartedMain] .e.DevToolsPropertyDefaultsPostProcessor : For additional web related logging consider setting the 'logging.level.web' property to 'DEBUG'
2026-08-27T07:40:38.053+01:00  INFO 23396 --- [job.applicants] [restartedMain] .s.d.r.c.RepositoryConfigurationDelegate : Bootstrapping Spring Data JPA repositories in DEFAULT mode.
2026-08-27T07:40:38.247+01:00  INFO 23396 --- [job.applicants] [restartedMain] .s.d.r.c.RepositoryConfigurationDelegate : Finished Spring Data repository scanning in 162 ms. Found 3 JPA repository interfaces.
2026-08-27T07:40:39.763+01:00  INFO 23396 --- [job.applicants] [restartedMain] o.s.boot.tomcat.TomcatWebServer          : Tomcat initialized with port 8083 (http)
2026-08-27T07:40:39.804+01:00  INFO 23396 --- [job.applicants] [restartedMain] o.apache.catalina.core.StandardService   : Starting service [Tomcat]
2026-08-27T07:40:39.805+01:00  INFO 23396 --- [job.applicants] [restartedMain] o.apache.catalina.core.StandardEngine    : Starting Servlet engine: [Apache Tomcat/11.0.22]
2026-08-27T07:40:39.913+01:00  INFO 23396 --- [job.applicants] [restartedMain] b.w.c.s.WebApplicationContextInitializer : Root WebApplicationContext: initialization completed in 3721 ms
2026-08-27T07:40:40.205+01:00  INFO 23396 --- [job.applicants] [restartedMain] org.hibernate.orm.jpa                    : HHH008540: Processing PersistenceUnitInfo [name: default]
2026-08-27T07:40:40.366+01:00  INFO 23396 --- [job.applicants] [restartedMain] org.hibernate.orm.core                   : HHH000001: Hibernate ORM core version 7.2.19.Final
2026-08-27T07:40:41.648+01:00  INFO 23396 --- [job.applicants] [restartedMain] o.s.o.j.p.SpringPersistenceUnitInfo      : No LoadTimeWeaver setup: ignoring JPA class transformer
2026-08-27T07:40:41.748+01:00  INFO 23396 --- [job.applicants] [restartedMain] com.zaxxer.hikari.HikariDataSource       : HikariPool-1 - Starting...
2026-08-27T07:40:42.190+01:00  INFO 23396 --- [job.applicants] [restartedMain] com.zaxxer.hikari.pool.HikariPool        : HikariPool-1 - Added connection com.mysql.cj.jdbc.ConnectionImpl@33086352
2026-08-27T07:40:42.195+01:00  INFO 23396 --- [job.applicants] [restartedMain] com.zaxxer.hikari.HikariDataSource       : HikariPool-1 - Start completed.
2026-08-27T07:40:42.327+01:00  WARN 23396 --- [job.applicants] [restartedMain] org.hibernate.orm.core                   : HHH000511: The 5.5.5 version for [org.hibernate.dialect.MySQLDialect] is no longer supported, hence certain features may not work properly.The minimum supported version is 8.0.0. Check the community dialects project for available legacy versions.
2026-08-27T07:40:42.337+01:00  WARN 23396 --- [job.applicants] [restartedMain] org.hibernate.orm.deprecation            : HHH90000025: MySQLDialect does not need to be specified explicitly using 'hibernate.dialect' (remove the property setting and it will be selected by default)
2026-08-27T07:40:42.409+01:00  INFO 23396 --- [job.applicants] [restartedMain] org.hibernate.orm.connections.pooling    : HHH10001005: Database info:
	Database JDBC URL [jdbc:mysql://localhost:3306/jobapplicantsdb]
	Database driver: MySQL Connector/J
	Database dialect: MySQLDialect
	Database version: 5.5.5
	Default catalog/schema: jobapplicantsdb/undefined
	Autocommit mode: undefined/unknown
	Isolation level: REPEATABLE_READ [default REPEATABLE_READ]
	JDBC fetch size: none
	Pool: DataSourceConnectionProvider
	Minimum pool size: undefined/unknown
	Maximum pool size: undefined/unknown
2026-08-27T07:40:44.650+01:00  INFO 23396 --- [job.applicants] [restartedMain] org.hibernate.orm.core                   : HHH000489: No JTA platform available (set 'hibernate.transaction.jta.platform' to enable JTA platform integration)
2026-08-27T07:40:44.864+01:00  INFO 23396 --- [job.applicants] [restartedMain] j.LocalContainerEntityManagerFactoryBean : Initialized JPA EntityManagerFactory for persistence unit 'default'
2026-08-27T07:40:45.033+01:00  INFO 23396 --- [job.applicants] [restartedMain] o.s.d.j.r.query.QueryEnhancerFactories   : Hibernate is in classpath; If applicable, HQL parser will be used.
2026-08-27T07:40:45.633+01:00  INFO 23396 --- [job.applicants] [restartedMain] r$InitializeUserDetailsManagerConfigurer : Global AuthenticationManager configured with UserDetailsService bean with name customUserDetailsService
2026-08-27T07:40:45.867+01:00  WARN 23396 --- [job.applicants] [restartedMain] JpaBaseConfiguration$JpaWebConfiguration : spring.jpa.open-in-view is enabled by default. Therefore, database queries may be performed during view rendering. Explicitly configure spring.jpa.open-in-view to disable this warning
2026-08-27T07:40:47.152+01:00  INFO 23396 --- [job.applicants] [restartedMain] o.s.boot.tomcat.TomcatWebServer          : Tomcat started on port 8083 (http) with context path '/'
2026-08-27T07:40:47.175+01:00  INFO 23396 --- [job.applicants] [restartedMain] com.example.job.applicants.Application   : Started Application in 11.963 seconds (process running for 13.035)
2026-08-27T07:40:47.183+01:00  WARN 23396 --- [job.applicants] [restartedMain] o.s.core.events.SpringDocAppInitializer  : SpringDoc /v3/api-docs endpoint is enabled by default. To disable it in production, set the property 'springdoc.api-docs.enabled=false'
2026-08-27T07:40:47.184+01:00  WARN 23396 --- [job.applicants] [restartedMain] o.s.core.events.SpringDocAppInitializer  : SpringDoc /docs endpoint is enabled by default. To disable it in production, set the property 'springdoc.swagger-ui.enabled=false'
2026-08-27T07:40:56.663+01:00  INFO 23396 --- [job.applicants] [http-nio-8083-exec-4] o.a.c.c.C.[Tomcat].[localhost].[/]       : Initializing Spring DispatcherServlet 'dispatcherServlet'
2026-08-27T07:40:56.665+01:00  INFO 23396 --- [job.applicants] [http-nio-8083-exec-4] o.s.web.servlet.DispatcherServlet        : Initializing Servlet 'dispatcherServlet'
2026-08-27T07:40:56.672+01:00  INFO 23396 --- [job.applicants] [http-nio-8083-exec-4] o.s.web.servlet.DispatcherServlet        : Completed initialization in 3 ms
2026-08-27T07:43:09.586+01:00  INFO 23396 --- [job.applicants] [SpringApplicationShutdownHook] o.s.boot.tomcat.GracefulShutdown         : Commencing graceful shutdown. Waiting for active requests to complete
2026-08-27T07:43:09.626+01:00  INFO 23396 --- [job.applicants] [tomcat-shutdown] o.s.boot.tomcat.GracefulShutdown         : Graceful shutdown complete
2026-08-27T07:43:09.663+01:00  INFO 23396 --- [job.applicants] [SpringApplicationShutdownHook] j.LocalContainerEntityManagerFactoryBean : Closing JPA EntityManagerFactory for persistence unit 'default'
2026-08-27T07:43:09.681+01:00  INFO 23396 --- [job.applicants] [SpringApplicationShutdownHook] com.zaxxer.hikari.HikariDataSource       : HikariPool-1 - Shutdown initiated...
2026-08-27T07:43:09.713+01:00  INFO 23396 --- [job.applicants] [SpringApplicationShutdownHook] com.zaxxer.hikari.HikariDataSource       : HikariPool-1 - Shutdown completed.
2026-08-27T07:43:33.597+01:00  INFO 17564 --- [job.applicants] [restartedMain] com.example.job.applicants.Application   : Starting Application using Java 21.0.9 with PID 17564 (C:\Users\Hp\Desktop\job.applicants\target\classes started by Hp in C:\Users\Hp\Desktop\job.applicants)
2026-08-27T07:43:33.610+01:00  INFO 17564 --- [job.applicants] [restartedMain] com.example.job.applicants.Application   : No active profile set, falling back to 1 default profile: "default"
2026-08-27T07:43:33.860+01:00  INFO 17564 --- [job.applicants] [restartedMain] .e.DevToolsPropertyDefaultsPostProcessor : Devtools property defaults active! Set 'spring.devtools.add-properties' to 'false' to disable
2026-08-27T07:43:33.863+01:00  INFO 17564 --- [job.applicants] [restartedMain] .e.DevToolsPropertyDefaultsPostProcessor : For additional web related logging consider setting the 'logging.level.web' property to 'DEBUG'
2026-08-27T07:43:37.291+01:00  INFO 17564 --- [job.applicants] [restartedMain] .s.d.r.c.RepositoryConfigurationDelegate : Bootstrapping Spring Data JPA repositories in DEFAULT mode.
2026-08-27T07:43:37.441+01:00  INFO 17564 --- [job.applicants] [restartedMain] .s.d.r.c.RepositoryConfigurationDelegate : Finished Spring Data repository scanning in 118 ms. Found 3 JPA repository interfaces.
2026-08-27T07:43:38.521+01:00  INFO 17564 --- [job.applicants] [restartedMain] o.s.boot.tomcat.TomcatWebServer          : Tomcat initialized with port 8080 (http)
2026-08-27T07:43:38.552+01:00  INFO 17564 --- [job.applicants] [restartedMain] o.apache.catalina.core.StandardService   : Starting service [Tomcat]
2026-08-27T07:43:38.554+01:00  INFO 17564 --- [job.applicants] [restartedMain] o.apache.catalina.core.StandardEngine    : Starting Servlet engine: [Apache Tomcat/11.0.22]
2026-08-27T07:43:38.647+01:00  INFO 17564 --- [job.applicants] [restartedMain] b.w.c.s.WebApplicationContextInitializer : Root WebApplicationContext: initialization completed in 4782 ms
2026-08-27T07:43:38.912+01:00  INFO 17564 --- [job.applicants] [restartedMain] org.hibernate.orm.jpa                    : HHH008540: Processing PersistenceUnitInfo [name: default]
2026-08-27T07:43:39.024+01:00  INFO 17564 --- [job.applicants] [restartedMain] org.hibernate.orm.core                   : HHH000001: Hibernate ORM core version 7.2.19.Final
2026-08-27T07:43:40.050+01:00  INFO 17564 --- [job.applicants] [restartedMain] o.s.o.j.p.SpringPersistenceUnitInfo      : No LoadTimeWeaver setup: ignoring JPA class transformer
2026-08-27T07:43:40.134+01:00  INFO 17564 --- [job.applicants] [restartedMain] com.zaxxer.hikari.HikariDataSource       : HikariPool-1 - Starting...
2026-08-27T07:43:40.539+01:00  INFO 17564 --- [job.applicants] [restartedMain] com.zaxxer.hikari.pool.HikariPool        : HikariPool-1 - Added connection com.mysql.cj.jdbc.ConnectionImpl@33086352
2026-08-27T07:43:40.544+01:00  INFO 17564 --- [job.applicants] [restartedMain] com.zaxxer.hikari.HikariDataSource       : HikariPool-1 - Start completed.
2026-08-27T07:43:40.633+01:00  WARN 17564 --- [job.applicants] [restartedMain] org.hibernate.orm.core                   : HHH000511: The 5.5.5 version for [org.hibernate.dialect.MySQLDialect] is no longer supported, hence certain features may not work properly.The minimum supported version is 8.0.0. Check the community dialects project for available legacy versions.
2026-08-27T07:43:40.638+01:00  WARN 17564 --- [job.applicants] [restartedMain] org.hibernate.orm.deprecation            : HHH90000025: MySQLDialect does not need to be specified explicitly using 'hibernate.dialect' (remove the property setting and it will be selected by default)
2026-08-27T07:43:40.675+01:00  INFO 17564 --- [job.applicants] [restartedMain] org.hibernate.orm.connections.pooling    : HHH10001005: Database info:
	Database JDBC URL [jdbc:mysql://localhost:3306/jobapplicantsdb]
	Database driver: MySQL Connector/J
	Database dialect: MySQLDialect
	Database version: 5.5.5
	Default catalog/schema: jobapplicantsdb/undefined
	Autocommit mode: undefined/unknown
	Isolation level: REPEATABLE_READ [default REPEATABLE_READ]
	JDBC fetch size: none
	Pool: DataSourceConnectionProvider
	Minimum pool size: undefined/unknown
	Maximum pool size: undefined/unknown
2026-08-27T07:43:42.620+01:00  INFO 17564 --- [job.applicants] [restartedMain] org.hibernate.orm.core                   : HHH000489: No JTA platform available (set 'hibernate.transaction.jta.platform' to enable JTA platform integration)
2026-08-27T07:43:42.786+01:00  INFO 17564 --- [job.applicants] [restartedMain] j.LocalContainerEntityManagerFactoryBean : Initialized JPA EntityManagerFactory for persistence unit 'default'
2026-08-27T07:43:42.943+01:00  INFO 17564 --- [job.applicants] [restartedMain] o.s.d.j.r.query.QueryEnhancerFactories   : Hibernate is in classpath; If applicable, HQL parser will be used.
2026-08-27T07:43:43.554+01:00  INFO 17564 --- [job.applicants] [restartedMain] r$InitializeUserDetailsManagerConfigurer : Global AuthenticationManager configured with UserDetailsService bean with name customUserDetailsService
2026-08-27T07:43:43.794+01:00  WARN 17564 --- [job.applicants] [restartedMain] JpaBaseConfiguration$JpaWebConfiguration : spring.jpa.open-in-view is enabled by default. Therefore, database queries may be performed during view rendering. Explicitly configure spring.jpa.open-in-view to disable this warning
2026-08-27T07:43:45.633+01:00  INFO 17564 --- [job.applicants] [restartedMain] o.s.boot.tomcat.TomcatWebServer          : Tomcat started on port 8080 (http) with context path '/'
2026-08-27T07:43:45.657+01:00  INFO 17564 --- [job.applicants] [restartedMain] com.example.job.applicants.Application   : Started Application in 13.395 seconds (process running for 14.72)
2026-08-27T07:43:45.670+01:00  WARN 17564 --- [job.applicants] [restartedMain] o.s.core.events.SpringDocAppInitializer  : SpringDoc /v3/api-docs endpoint is enabled by default. To disable it in production, set the property 'springdoc.api-docs.enabled=false'
2026-08-27T07:43:45.674+01:00  WARN 17564 --- [job.applicants] [restartedMain] o.s.core.events.SpringDocAppInitializer  : SpringDoc /docs endpoint is enabled by default. To disable it in production, set the property 'springdoc.swagger-ui.enabled=false'
2026-08-27T07:44:40.437+01:00  INFO 17564 --- [job.applicants] [http-nio-8080-exec-1] o.a.c.c.C.[Tomcat].[localhost].[/]       : Initializing Spring DispatcherServlet 'dispatcherServlet'
2026-08-27T07:44:40.438+01:00  INFO 17564 --- [job.applicants] [http-nio-8080-exec-1] o.s.web.servlet.DispatcherServlet        : Initializing Servlet 'dispatcherServlet'
2026-08-27T07:44:40.442+01:00  INFO 17564 --- [job.applicants] [http-nio-8080-exec-1] o.s.web.servlet.DispatcherServlet        : Completed initialization in 4 ms
2026-08-27T08:09:43.002+01:00  INFO 17564 --- [job.applicants] [SpringApplicationShutdownHook] o.s.boot.tomcat.GracefulShutdown         : Commencing graceful shutdown. Waiting for active requests to complete
2026-08-27T08:09:43.042+01:00  INFO 17564 --- [job.applicants] [tomcat-shutdown] o.s.boot.tomcat.GracefulShutdown         : Graceful shutdown complete
2026-08-27T08:09:43.096+01:00  INFO 17564 --- [job.applicants] [SpringApplicationShutdownHook] j.LocalContainerEntityManagerFactoryBean : Closing JPA EntityManagerFactory for persistence unit 'default'
2026-08-27T08:09:43.112+01:00  INFO 17564 --- [job.applicants] [SpringApplicationShutdownHook] com.zaxxer.hikari.HikariDataSource       : HikariPool-1 - Shutdown initiated...
2026-08-27T08:09:43.119+01:00  INFO 17564 --- [job.applicants] [SpringApplicationShutdownHook] com.zaxxer.hikari.HikariDataSource       : HikariPool-1 - Shutdown completed.
2026-08-27T08:10:13.701+01:00  INFO 796 --- [job.applicants] [restartedMain] com.example.job.applicants.Application   : Starting Application using Java 21.0.9 with PID 796 (C:\Users\Hp\Desktop\job.applicants\target\classes started by Hp in C:\Users\Hp\Desktop\job.applicants)
2026-08-27T08:10:13.710+01:00  INFO 796 --- [job.applicants] [restartedMain] com.example.job.applicants.Application   : No active profile set, falling back to 1 default profile: "default"
2026-08-27T08:10:13.887+01:00  INFO 796 --- [job.applicants] [restartedMain] .e.DevToolsPropertyDefaultsPostProcessor : Devtools property defaults active! Set 'spring.devtools.add-properties' to 'false' to disable
2026-08-27T08:10:13.891+01:00  INFO 796 --- [job.applicants] [restartedMain] .e.DevToolsPropertyDefaultsPostProcessor : For additional web related logging consider setting the 'logging.level.web' property to 'DEBUG'
2026-08-27T08:10:16.385+01:00  INFO 796 --- [job.applicants] [restartedMain] .s.d.r.c.RepositoryConfigurationDelegate : Bootstrapping Spring Data JPA repositories in DEFAULT mode.
2026-08-27T08:10:16.558+01:00  INFO 796 --- [job.applicants] [restartedMain] .s.d.r.c.RepositoryConfigurationDelegate : Finished Spring Data repository scanning in 146 ms. Found 3 JPA repository interfaces.
2026-08-27T08:10:18.038+01:00  INFO 796 --- [job.applicants] [restartedMain] o.s.boot.tomcat.TomcatWebServer          : Tomcat initialized with port 8080 (http)
2026-08-27T08:10:18.083+01:00  INFO 796 --- [job.applicants] [restartedMain] o.apache.catalina.core.StandardService   : Starting service [Tomcat]
2026-08-27T08:10:18.084+01:00  INFO 796 --- [job.applicants] [restartedMain] o.apache.catalina.core.StandardEngine    : Starting Servlet engine: [Apache Tomcat/11.0.22]
2026-08-27T08:10:19.010+01:00  INFO 796 --- [job.applicants] [restartedMain] b.w.c.s.WebApplicationContextInitializer : Root WebApplicationContext: initialization completed in 5113 ms
2026-08-27T08:10:19.474+01:00  INFO 796 --- [job.applicants] [restartedMain] org.hibernate.orm.jpa                    : HHH008540: Processing PersistenceUnitInfo [name: default]
2026-08-27T08:10:19.662+01:00  INFO 796 --- [job.applicants] [restartedMain] org.hibernate.orm.core                   : HHH000001: Hibernate ORM core version 7.2.19.Final
2026-08-27T08:10:21.011+01:00  INFO 796 --- [job.applicants] [restartedMain] o.s.o.j.p.SpringPersistenceUnitInfo      : No LoadTimeWeaver setup: ignoring JPA class transformer
2026-08-27T08:10:21.111+01:00  INFO 796 --- [job.applicants] [restartedMain] com.zaxxer.hikari.HikariDataSource       : HikariPool-1 - Starting...
2026-08-27T08:10:21.557+01:00  INFO 796 --- [job.applicants] [restartedMain] com.zaxxer.hikari.pool.HikariPool        : HikariPool-1 - Added connection com.mysql.cj.jdbc.ConnectionImpl@33086352
2026-08-27T08:10:21.562+01:00  INFO 796 --- [job.applicants] [restartedMain] com.zaxxer.hikari.HikariDataSource       : HikariPool-1 - Start completed.
2026-08-27T08:10:21.713+01:00  WARN 796 --- [job.applicants] [restartedMain] org.hibernate.orm.core                   : HHH000511: The 5.5.5 version for [org.hibernate.dialect.MySQLDialect] is no longer supported, hence certain features may not work properly.The minimum supported version is 8.0.0. Check the community dialects project for available legacy versions.
2026-08-27T08:10:21.726+01:00  WARN 796 --- [job.applicants] [restartedMain] org.hibernate.orm.deprecation            : HHH90000025: MySQLDialect does not need to be specified explicitly using 'hibernate.dialect' (remove the property setting and it will be selected by default)
2026-08-27T08:10:21.795+01:00  INFO 796 --- [job.applicants] [restartedMain] org.hibernate.orm.connections.pooling    : HHH10001005: Database info:
	Database JDBC URL [jdbc:mysql://localhost:3306/jobapplicantsdb]
	Database driver: MySQL Connector/J
	Database dialect: MySQLDialect
	Database version: 5.5.5
	Default catalog/schema: jobapplicantsdb/undefined
	Autocommit mode: undefined/unknown
	Isolation level: REPEATABLE_READ [default REPEATABLE_READ]
	JDBC fetch size: none
	Pool: DataSourceConnectionProvider
	Minimum pool size: undefined/unknown
	Maximum pool size: undefined/unknown
2026-08-27T08:10:24.423+01:00  INFO 796 --- [job.applicants] [restartedMain] org.hibernate.orm.core                   : HHH000489: No JTA platform available (set 'hibernate.transaction.jta.platform' to enable JTA platform integration)
2026-08-27T08:10:24.625+01:00  INFO 796 --- [job.applicants] [restartedMain] j.LocalContainerEntityManagerFactoryBean : Initialized JPA EntityManagerFactory for persistence unit 'default'
2026-08-27T08:10:24.807+01:00  INFO 796 --- [job.applicants] [restartedMain] o.s.d.j.r.query.QueryEnhancerFactories   : Hibernate is in classpath; If applicable, HQL parser will be used.
2026-08-27T08:10:25.490+01:00  INFO 796 --- [job.applicants] [restartedMain] r$InitializeUserDetailsManagerConfigurer : Global AuthenticationManager configured with UserDetailsService bean with name customUserDetailsService
2026-08-27T08:10:25.738+01:00  WARN 796 --- [job.applicants] [restartedMain] JpaBaseConfiguration$JpaWebConfiguration : spring.jpa.open-in-view is enabled by default. Therefore, database queries may be performed during view rendering. Explicitly configure spring.jpa.open-in-view to disable this warning
2026-08-27T08:10:27.280+01:00  INFO 796 --- [job.applicants] [restartedMain] o.s.boot.tomcat.TomcatWebServer          : Tomcat started on port 8080 (http) with context path '/'
2026-08-27T08:10:27.303+01:00  INFO 796 --- [job.applicants] [restartedMain] com.example.job.applicants.Application   : Started Application in 15.307 seconds (process running for 16.651)
2026-08-27T08:10:27.312+01:00  WARN 796 --- [job.applicants] [restartedMain] o.s.core.events.SpringDocAppInitializer  : SpringDoc /v3/api-docs endpoint is enabled by default. To disable it in production, set the property 'springdoc.api-docs.enabled=false'
2026-08-27T08:10:27.313+01:00  WARN 796 --- [job.applicants] [restartedMain] o.s.core.events.SpringDocAppInitializer  : SpringDoc /docs endpoint is enabled by default. To disable it in production, set the property 'springdoc.swagger-ui.enabled=false'
2026-08-27T08:10:46.010+01:00  INFO 796 --- [job.applicants] [http-nio-8080-exec-1] o.a.c.c.C.[Tomcat].[localhost].[/]       : Initializing Spring DispatcherServlet 'dispatcherServlet'
2026-08-27T08:10:46.011+01:00  INFO 796 --- [job.applicants] [http-nio-8080-exec-1] o.s.web.servlet.DispatcherServlet        : Initializing Servlet 'dispatcherServlet'
2026-08-27T08:10:46.014+01:00  INFO 796 --- [job.applicants] [http-nio-8080-exec-1] o.s.web.servlet.DispatcherServlet        : Completed initialization in 2 ms
2026-08-27T08:10:48.591+01:00  INFO 796 --- [job.applicants] [http-nio-8080-exec-9] o.springdoc.api.AbstractOpenApiResource  : Init duration for springdoc-openapi is: 1273 ms
2026-08-27T09:06:17.953+01:00  INFO 21348 --- [job.applicants] [restartedMain] com.example.job.applicants.Application   : Starting Application using Java 21.0.9 with PID 21348 (C:\Users\Hp\Desktop\job.applicants\target\classes started by Hp in C:\Users\Hp\Desktop\job.applicants)
2026-08-27T09:06:17.957+01:00  INFO 21348 --- [job.applicants] [restartedMain] com.example.job.applicants.Application   : No active profile set, falling back to 1 default profile: "default"
2026-08-27T09:06:18.068+01:00  INFO 21348 --- [job.applicants] [restartedMain] .e.DevToolsPropertyDefaultsPostProcessor : Devtools property defaults active! Set 'spring.devtools.add-properties' to 'false' to disable
2026-08-27T09:06:18.070+01:00  INFO 21348 --- [job.applicants] [restartedMain] .e.DevToolsPropertyDefaultsPostProcessor : For additional web related logging consider setting the 'logging.level.web' property to 'DEBUG'
2026-08-27T09:06:19.448+01:00  INFO 21348 --- [job.applicants] [restartedMain] .s.d.r.c.RepositoryConfigurationDelegate : Bootstrapping Spring Data JPA repositories in DEFAULT mode.
2026-08-27T09:06:19.549+01:00  INFO 21348 --- [job.applicants] [restartedMain] .s.d.r.c.RepositoryConfigurationDelegate : Finished Spring Data repository scanning in 81 ms. Found 3 JPA repository interfaces.
2026-08-27T09:06:20.386+01:00  INFO 21348 --- [job.applicants] [restartedMain] o.s.boot.tomcat.TomcatWebServer          : Tomcat initialized with port 8080 (http)
2026-08-27T09:06:20.414+01:00  INFO 21348 --- [job.applicants] [restartedMain] o.apache.catalina.core.StandardService   : Starting service [Tomcat]
2026-08-27T09:06:20.417+01:00  INFO 21348 --- [job.applicants] [restartedMain] o.apache.catalina.core.StandardEngine    : Starting Servlet engine: [Apache Tomcat/11.0.22]
2026-08-27T09:06:20.514+01:00  INFO 21348 --- [job.applicants] [restartedMain] b.w.c.s.WebApplicationContextInitializer : Root WebApplicationContext: initialization completed in 2442 ms
2026-08-27T09:06:20.749+01:00  INFO 21348 --- [job.applicants] [restartedMain] org.hibernate.orm.jpa                    : HHH008540: Processing PersistenceUnitInfo [name: default]
2026-08-27T09:06:20.859+01:00  INFO 21348 --- [job.applicants] [restartedMain] org.hibernate.orm.core                   : HHH000001: Hibernate ORM core version 7.2.19.Final
2026-08-27T09:06:23.047+01:00  INFO 21348 --- [job.applicants] [restartedMain] o.s.o.j.p.SpringPersistenceUnitInfo      : No LoadTimeWeaver setup: ignoring JPA class transformer
2026-08-27T09:06:23.170+01:00  INFO 21348 --- [job.applicants] [restartedMain] com.zaxxer.hikari.HikariDataSource       : HikariPool-1 - Starting...
2026-08-27T09:06:23.542+01:00  INFO 21348 --- [job.applicants] [restartedMain] com.zaxxer.hikari.pool.HikariPool        : HikariPool-1 - Added connection com.mysql.cj.jdbc.ConnectionImpl@33086352
2026-08-27T09:06:23.544+01:00  INFO 21348 --- [job.applicants] [restartedMain] com.zaxxer.hikari.HikariDataSource       : HikariPool-1 - Start completed.
2026-08-27T09:06:23.694+01:00  WARN 21348 --- [job.applicants] [restartedMain] org.hibernate.orm.core                   : HHH000511: The 5.5.5 version for [org.hibernate.dialect.MySQLDialect] is no longer supported, hence certain features may not work properly.The minimum supported version is 8.0.0. Check the community dialects project for available legacy versions.
2026-08-27T09:06:23.702+01:00  WARN 21348 --- [job.applicants] [restartedMain] org.hibernate.orm.deprecation            : HHH90000025: MySQLDialect does not need to be specified explicitly using 'hibernate.dialect' (remove the property setting and it will be selected by default)
2026-08-27T09:06:23.762+01:00  INFO 21348 --- [job.applicants] [restartedMain] org.hibernate.orm.connections.pooling    : HHH10001005: Database info:
	Database JDBC URL [jdbc:mysql://localhost:3306/jobapplicantsdb]
	Database driver: MySQL Connector/J
	Database dialect: MySQLDialect
	Database version: 5.5.5
	Default catalog/schema: jobapplicantsdb/undefined
	Autocommit mode: undefined/unknown
	Isolation level: REPEATABLE_READ [default REPEATABLE_READ]
	JDBC fetch size: none
	Pool: DataSourceConnectionProvider
	Minimum pool size: undefined/unknown
	Maximum pool size: undefined/unknown
2026-08-27T09:06:25.610+01:00  INFO 21348 --- [job.applicants] [restartedMain] org.hibernate.orm.core                   : HHH000489: No JTA platform available (set 'hibernate.transaction.jta.platform' to enable JTA platform integration)
2026-08-27T09:06:25.851+01:00  INFO 21348 --- [job.applicants] [restartedMain] j.LocalContainerEntityManagerFactoryBean : Initialized JPA EntityManagerFactory for persistence unit 'default'
2026-08-27T09:06:26.004+01:00  INFO 21348 --- [job.applicants] [restartedMain] o.s.d.j.r.query.QueryEnhancerFactories   : Hibernate is in classpath; If applicable, HQL parser will be used.
2026-08-27T09:06:26.524+01:00  INFO 21348 --- [job.applicants] [restartedMain] r$InitializeUserDetailsManagerConfigurer : Global AuthenticationManager configured with UserDetailsService bean with name customUserDetailsService
2026-08-27T09:06:26.744+01:00  WARN 21348 --- [job.applicants] [restartedMain] JpaBaseConfiguration$JpaWebConfiguration : spring.jpa.open-in-view is enabled by default. Therefore, database queries may be performed during view rendering. Explicitly configure spring.jpa.open-in-view to disable this warning
2026-08-27T09:06:28.383+01:00  INFO 21348 --- [job.applicants] [restartedMain] o.s.boot.tomcat.TomcatWebServer          : Tomcat started on port 8080 (http) with context path '/'
2026-08-27T09:06:28.401+01:00  INFO 21348 --- [job.applicants] [restartedMain] com.example.job.applicants.Application   : Started Application in 11.166 seconds (process running for 11.951)
2026-08-27T09:06:28.409+01:00  WARN 21348 --- [job.applicants] [restartedMain] o.s.core.events.SpringDocAppInitializer  : SpringDoc /v3/api-docs endpoint is enabled by default. To disable it in production, set the property 'springdoc.api-docs.enabled=false'
2026-08-27T09:06:28.410+01:00  WARN 21348 --- [job.applicants] [restartedMain] o.s.core.events.SpringDocAppInitializer  : SpringDoc /docs endpoint is enabled by default. To disable it in production, set the property 'springdoc.swagger-ui.enabled=false'
2026-08-27T09:06:33.766+01:00  INFO 21348 --- [job.applicants] [http-nio-8080-exec-1] o.a.c.c.C.[Tomcat].[localhost].[/]       : Initializing Spring DispatcherServlet 'dispatcherServlet'
2026-08-27T09:06:33.767+01:00  INFO 21348 --- [job.applicants] [http-nio-8080-exec-1] o.s.web.servlet.DispatcherServlet        : Initializing Servlet 'dispatcherServlet'
2026-08-27T09:06:33.768+01:00  INFO 21348 --- [job.applicants] [http-nio-8080-exec-1] o.s.web.servlet.DispatcherServlet        : Completed initialization in 1 ms
2026-08-27T09:06:35.523+01:00  INFO 21348 --- [job.applicants] [http-nio-8080-exec-9] o.springdoc.api.AbstractOpenApiResource  : Init duration for springdoc-openapi is: 648 ms
2026-08-27T11:01:14.238+01:00  INFO 21348 --- [job.applicants] [SpringApplicationShutdownHook] o.s.boot.tomcat.GracefulShutdown         : Commencing graceful shutdown. Waiting for active requests to complete
2026-08-27T11:01:14.286+01:00  INFO 21348 --- [job.applicants] [tomcat-shutdown] o.s.boot.tomcat.GracefulShutdown         : Graceful shutdown complete
2026-08-27T11:01:14.402+01:00  INFO 21348 --- [job.applicants] [SpringApplicationShutdownHook] j.LocalContainerEntityManagerFactoryBean : Closing JPA EntityManagerFactory for persistence unit 'default'
2026-08-27T11:01:14.440+01:00  INFO 21348 --- [job.applicants] [SpringApplicationShutdownHook] com.zaxxer.hikari.HikariDataSource       : HikariPool-1 - Shutdown initiated...
2026-08-27T11:01:14.449+01:00  INFO 21348 --- [job.applicants] [SpringApplicationShutdownHook] com.zaxxer.hikari.HikariDataSource       : HikariPool-1 - Shutdown completed.
